00000000
1d0964cd
29a7761a
a8136dd4
0eae6f80
a8e41048
7498536b
93f207e1
f1f4fb6f
4fcaa2d5
81e6d0f6
e8606fcc
b8aabef3
f527ac6c
175f8d02
56e3b9ef
66ecca59
117d8434
a12e0527
ae7562ad
c59442a9
ccfdfcfb
18aa511b
867869b2
ba624d42
f01ca74c
c1d575f9
4c7225ec
f6a3a319
a2031a67
db3bb2b5
8fc18cf3
223760b3
cb9e1695
6635e9e8
4a5eb08d
129c3f21
886741ae
f39924e2
38b72216
0c6b5e6c
ac68e7b4
1b55521f
68802c7e
427f42f4
49f1a87d
60e02d95
b7c616c3
5ef7d490
d0e4b045
cc929600
9c97a2ee
57926ba1
9ec501fd
8db60d26
8b2ecc6b
786cd232
73da2e0d
a0346b8c
46dd166b
a24ec8f6
4d15ebb9
f8d12885
bc27e2c3
fa95e4d6
9cda24e1
7f01b54f
f0f94bd1
61a2c352
e1b5d5cf
f00ff7b9
2525d043
4e88d2d0
2d41d198
577444be
1b8d3f21
13d91499
60558305
ebf640d8
d2534f66
c944eee3
6ebb2fc5
fd61fb52
2db28ba5
8d1712f5
873a3ae8
e5158c32
a64e3c12
377df973
b2171673
34bc3b73
6846f931
ddf6bb83
0f58a169
c277a8a9
9a4dbab3
37914b18
f544ca16
